[backblue.gif]
[fade.gif]
[index.html]
[favicon.png]
[rss.php]
[chapters.html]
[reset.css]
[sh/Scripts/clipboard.swf]
[lyah/note.jpg]
[lyah/bg.png]
[lyah/prv.png]
[lyah/nxt.png]
[style.css]
[sh/Styles/SyntaxHighlighter.css]
[lyah/bird.png]
[lyah/fx.png]
[lyah/lazy.png]
[introduction.html]
[lyah/boat.png]
[lyah/startingout.png]
[lyah/ringring.png]
[lyah/baby.png]
[lyah/list.png]
[lyah/listmonster.png]
[lyah/cowboy.png]
[lyah/kermit.png]
[lyah/setnotation.png]
[lyah/tuple.png]
[starting-out.html]
[lyah/pythag.png]
[lyah/cow.png]
[lyah/bomb.png]
[lyah/box.png]
[types-and-typeclasses.html]
[lyah/classes.png]
[lyah/pattern.png]
[lyah/guards.png]
[lyah/letitbe.png]
[syntax-in-functions.html]
[lyah/case.png]
[lyah/recursion.png]
[lyah/maxs.png]
[lyah/painter.png]
[lyah/quickman.png]
[lyah/quicksort.png]
[recursion.html]
[lyah/brain.png]
[lyah/sun.png]
[lyah/curry.png]
[lyah/bonus.png]
[lyah/map.png]
[lyah/lambda.png]
[lyah/lamb.png]
[lyah/origami.png]
[lyah/foldl.png]
[lyah/washmachine.png]
[lyah/dollar.png]
[lyah/composition.png]
[higher-order-functions.html]
[lyah/notes.png]
[lyah/modules.png]
[lyah/legolists.png]
[lyah/legochar.png]
[lyah/legomap.png]
[lyah/legosets.png]
[modules.html]
[lyah/making_modules.png]
[lyah/caveman.png]
[lyah/record.png]
[lyah/yeti.png]
[lyah/meekrat.png]
[lyah/gob.png]
[lyah/chicken.png]
[lyah/thefonz.png]
[lyah/binarytree.png]
[lyah/trafficlight.png]
[lyah/yesno.png]
[lyah/functor.png]
[making-our-own-types-and-typeclasses.html]
[lyah/typefoo.png]
[lyah/dognap.png]
[lyah/helloworld.png]
[lyah/luggage.png]
[lyah/streams.png]
[lyah/file.png]
[lyah/edd.png]
[lyah/arguments.png]
[lyah/salad.png]
[lyah/random.png]
[lyah/jackofdiamonds.png]
[lyah/chainchomp.png]
[lyah/timber.png]
[lyah/police.png]
[input-and-output.html]
[lyah/puppy.png]
[lyah/rpn.png]
[lyah/calculator.png]
[lyah/roads.png]
[lyah/roads_simple.png]
[functionally-solving-problems.html]
[lyah/guycar.png]
[lyah/frogtor.png]
[lyah/alien.png]
[lyah/lifter.png]
[lyah/justice.png]
[lyah/present.png]
[lyah/whale.png]
[lyah/knight.png]
[lyah/jazzb.png]
[lyah/maoi.png]
[lyah/krakatoa.png]
[lyah/shamrock.png]
[lyah/pirateship.png]
[lyah/balloondog.png]
[lyah/smug.png]
[lyah/bear.png]
[functors-applicative-functors-and-monoids.html]
[lyah/accordion.png]
[lyah/smugpig.png]
[lyah/buddha.png]
[lyah/kid.png]
[lyah/tur2.png]
[lyah/pierre.png]
[lyah/banana.png]
[lyah/centaur.png]
[lyah/owld.png]
[lyah/deadcat.png]
[lyah/concatmap.png]
[lyah/chess.png]
[a-fistful-of-monads.html]
[lyah/judgedog.png]
[lyah/clint.png]
[lyah/tuco.png]
[lyah/angeleyes.png]
[lyah/cactus.png]
[lyah/revolver.png]
[lyah/texas.png]
[lyah/badge.png]
[lyah/wolf.png]
[lyah/tipi.png]
[lyah/miner.png]
[lyah/spearhead.png]
[lyah/prob.png]
[for-a-few-monads-more.html]
[lyah/ride.png]
[60sdude.png]
[pollywantsa.png]
[bread.png]
[almostzipper.png]
[asstronaut.png]
[picard.png]
[spongedisk.png]
[cool.png]
[zippers.html]
[sh/Scripts/shCore.js]
[shBrushHaskell.js]
[shBrushPlain.js]
[higher-order-functions/index.html]
[folds.html]
[reverse-polish-notation-calculator.html]
[bigtree.png]
